running develop
running egg_info
creating drone_pkg.egg-info
writing drone_pkg.egg-info/PKG-INFO
writing dependency_links to drone_pkg.egg-info/dependency_links.txt
writing entry points to drone_pkg.egg-info/entry_points.txt
writing requirements to drone_pkg.egg-info/requires.txt
writing top-level names to drone_pkg.egg-info/top_level.txt
writing manifest file 'drone_pkg.egg-info/SOURCES.txt'
reading manifest file 'drone_pkg.egg-info/SOURCES.txt'
writing manifest file 'drone_pkg.egg-info/SOURCES.txt'
running build_ext
Creating /home/jeremy/drone_ws/install/drone_pkg/lib/python3.10/site-packages/drone-pkg.egg-link (link to .)
Installing drone_controller script to /home/jeremy/drone_ws/install/drone_pkg/lib/drone_pkg
Installing drone_telemetry script to /home/jeremy/drone_ws/install/drone_pkg/lib/drone_pkg
Installing mission_planner script to /home/jeremy/drone_ws/install/drone_pkg/lib/drone_pkg

Installed /home/jeremy/drone_ws/build/drone_pkg
running symlink_data
creating /home/jeremy/drone_ws/install/drone_pkg/share/ament_index
creating /home/jeremy/drone_ws/install/drone_pkg/share/ament_index/resource_index
creating /home/jeremy/drone_ws/install/drone_pkg/share/ament_index/resource_index/packages
symbolically linking /home/jeremy/drone_ws/build/drone_pkg/resource/drone_pkg -> /home/jeremy/drone_ws/install/drone_pkg/share/ament_index/resource_index/packages
symbolically linking /home/jeremy/drone_ws/build/drone_pkg/package.xml -> /home/jeremy/drone_ws/install/drone_pkg/share/drone_pkg
