[2.056s] Invoking command in '/home/jeremy/drone_ws/build/drone_pkg': CONDA_PROMPT_MODIFIER=(base) PYTHONPATH=/home/jeremy/drone_ws/build/drone_pkg/prefix_override:/usr/lib/python3/dist-packages/colcon_core/task/python/colcon_distutils_commands:/home/jeremy/drone_ws/install/drone_pkg/lib/python3.10/site-packages:${PYTHONPATH} /usr/bin/python3 -W ignore:setup.py install is deprecated -W ignore:easy_install command is deprecated setup.py develop --editable --build-directory /home/jeremy/drone_ws/build/drone_pkg/build --no-deps symlink_data
[2.585s] running develop
[2.914s] running egg_info
[2.915s] creating drone_pkg.egg-info
[2.915s] writing drone_pkg.egg-info/PKG-INFO
[2.915s] writing dependency_links to drone_pkg.egg-info/dependency_links.txt
[2.916s] writing entry points to drone_pkg.egg-info/entry_points.txt
[2.916s] writing requirements to drone_pkg.egg-info/requires.txt
[2.916s] writing top-level names to drone_pkg.egg-info/top_level.txt
[2.916s] writing manifest file 'drone_pkg.egg-info/SOURCES.txt'
[2.920s] reading manifest file 'drone_pkg.egg-info/SOURCES.txt'
[2.921s] writing manifest file 'drone_pkg.egg-info/SOURCES.txt'
[2.925s] running build_ext
[2.925s] Creating /home/jeremy/drone_ws/install/drone_pkg/lib/python3.10/site-packages/drone-pkg.egg-link (link to .)
[2.927s] Installing drone_controller script to /home/jeremy/drone_ws/install/drone_pkg/lib/drone_pkg
[2.927s] Installing drone_telemetry script to /home/jeremy/drone_ws/install/drone_pkg/lib/drone_pkg
[2.927s] Installing mission_planner script to /home/jeremy/drone_ws/install/drone_pkg/lib/drone_pkg
[2.928s] 
[2.928s] Installed /home/jeremy/drone_ws/build/drone_pkg
[2.929s] running symlink_data
[2.929s] creating /home/jeremy/drone_ws/install/drone_pkg/share/ament_index
[2.929s] creating /home/jeremy/drone_ws/install/drone_pkg/share/ament_index/resource_index
[2.929s] creating /home/jeremy/drone_ws/install/drone_pkg/share/ament_index/resource_index/packages
[2.929s] symbolically linking /home/jeremy/drone_ws/build/drone_pkg/resource/drone_pkg -> /home/jeremy/drone_ws/install/drone_pkg/share/ament_index/resource_index/packages
[2.929s] symbolically linking /home/jeremy/drone_ws/build/drone_pkg/package.xml -> /home/jeremy/drone_ws/install/drone_pkg/share/drone_pkg
[3.020s] Invoked command in '/home/jeremy/drone_ws/build/drone_pkg' returned '0': CONDA_PROMPT_MODIFIER=(base) PYTHONPATH=/home/jeremy/drone_ws/build/drone_pkg/prefix_override:/usr/lib/python3/dist-packages/colcon_core/task/python/colcon_distutils_commands:/home/jeremy/drone_ws/install/drone_pkg/lib/python3.10/site-packages:${PYTHONPATH} /usr/bin/python3 -W ignore:setup.py install is deprecated -W ignore:easy_install command is deprecated setup.py develop --editable --build-directory /home/jeremy/drone_ws/build/drone_pkg/build --no-deps symlink_data
