[0.291s] [34mcolcon[0m [1;30mDEBUG[0m [32mCommand line arguments: ['/usr/bin/colcon', 'build', '--packages-select', 'takeoff_land'][0m
[0.291s] [34mcolcon[0m [1;30mDEBUG[0m [32mParsed command line arguments: Namespace(log_base=None, log_level=None, verb_name='build', build_base='build', install_base='install', merge_install=False, symlink_install=False, test_result_base=None, continue_on_error=False, executor='parallel', parallel_workers=6, event_handlers=None, ignore_user_meta=False, metas=['./colcon.meta'], base_paths=['.'], packages_ignore=None, packages_ignore_regex=None, paths=None, packages_up_to=None, packages_up_to_regex=None, packages_above=None, packages_above_and_dependencies=None, packages_above_depth=None, packages_select_by_dep=None, packages_skip_by_dep=None, packages_skip_up_to=None, packages_select_build_failed=False, packages_skip_build_finished=False, packages_select_test_failures=False, packages_skip_test_passed=False, packages_select=['takeoff_land'], packages_skip=None, packages_select_regex=None, packages_skip_regex=None, packages_start=None, packages_end=None, allow_overriding=[], cmake_args=None, cmake_target=None, cmake_target_skip_unavailable=False, cmake_clean_cache=False, cmake_clean_first=False, cmake_force_configure=False, ament_cmake_args=None, catkin_cmake_args=None, catkin_skip_building_tests=False, verb_parser=<colcon_defaults.argument_parser.defaults.DefaultArgumentsDecorator object at 0xffffbc70b640>, verb_extension=<colcon_core.verb.build.BuildVerb object at 0xffffbc6c02b0>, main=<bound method BuildVerb.main of <colcon_core.verb.build.BuildVerb object at 0xffffbc6c02b0>>)[0m
[0.642s] [34mcolcon.colcon_core.package_discovery[0m [1;30mLevel 1[0m discover_packages(colcon_meta) check parameters
[0.642s] [34mcolcon.colcon_core.package_discovery[0m [1;30mLevel 1[0m discover_packages(recursive) check parameters
[0.642s] [34mcolcon.colcon_core.package_discovery[0m [1;30mLevel 1[0m discover_packages(ignore) check parameters
[0.642s] [34mcolcon.colcon_core.package_discovery[0m [1;30mLevel 1[0m discover_packages(path) check parameters
[0.642s] [34mcolcon.colcon_core.package_discovery[0m [1;30mLevel 1[0m discover_packages(colcon_meta) discover
[0.643s] [34mcolcon.colcon_core.package_discovery[0m [1;30mLevel 1[0m discover_packages(recursive) discover
[0.643s] [34mcolcon.colcon_core.package_discovery[0m [1;30mINFO[0m Crawling recursively for packages in '/home/jeremy/drone_ws'
[0.643s] [34mcolcon.colcon_core.package_identification[0m [1;30mLevel 1[0m _identify(.) by extensions ['ignore', 'ignore_ament_install']
[0.643s] [34mcolcon.colcon_core.package_identification[0m [1;30mLevel 1[0m _identify(.) by extension 'ignore'
[0.643s] [34mcolcon.colcon_core.package_identification[0m [1;30mLevel 1[0m _identify(.) by extension 'ignore_ament_install'
[0.643s] [34mcolcon.colcon_core.package_identification[0m [1;30mLevel 1[0m _identify(.) by extensions ['colcon_pkg']
[0.644s] [34mcolcon.colcon_core.package_identification[0m [1;30mLevel 1[0m _identify(.) by extension 'colcon_pkg'
[0.644s] [34mcolcon.colcon_core.package_identification[0m [1;30mLevel 1[0m _identify(.) by extensions ['colcon_meta']
[0.644s] [34mcolcon.colcon_core.package_identification[0m [1;30mLevel 1[0m _identify(.) by extension 'colcon_meta'
[0.644s] [34mcolcon.colcon_core.package_identification[0m [1;30mLevel 1[0m _identify(.) by extensions ['ros']
[0.644s] [34mcolcon.colcon_core.package_identification[0m [1;30mLevel 1[0m _identify(.) by extension 'ros'
[0.668s] [34mcolcon.colcon_core.package_identification[0m [1;30mLevel 1[0m _identify(.) by extensions ['cmake', 'python']
[0.668s] [34mcolcon.colcon_core.package_identification[0m [1;30mLevel 1[0m _identify(.) by extension 'cmake'
[0.668s] [34mcolcon.colcon_core.package_identification[0m [1;30mLevel 1[0m _identify(.) by extension 'python'
[0.668s] [34mcolcon.colcon_core.package_identification[0m [1;30mLevel 1[0m _identify(.) by extensions ['python_setup_py']
[0.668s] [34mcolcon.colcon_core.package_identification[0m [1;30mLevel 1[0m _identify(.) by extension 'python_setup_py'
[0.669s] [34mcolcon.colcon_core.package_identification[0m [1;30mLevel 1[0m _identify(build) by extensions ['ignore', 'ignore_ament_install']
[0.669s] [34mcolcon.colcon_core.package_identification[0m [1;30mLevel 1[0m _identify(build) by extension 'ignore'
[0.669s] [34mcolcon.colcon_core.package_identification[0m [1;30mLevel 1[0m _identify(build) ignored
[0.669s] [34mcolcon.colcon_core.package_identification[0m [1;30mLevel 1[0m _identify(install) by extensions ['ignore', 'ignore_ament_install']
[0.669s] [34mcolcon.colcon_core.package_identification[0m [1;30mLevel 1[0m _identify(install) by extension 'ignore'
[0.669s] [34mcolcon.colcon_core.package_identification[0m [1;30mLevel 1[0m _identify(install) ignored
[0.670s] [34mcolcon.colcon_core.package_identification[0m [1;30mLevel 1[0m _identify(log) by extensions ['ignore', 'ignore_ament_install']
[0.670s] [34mcolcon.colcon_core.package_identification[0m [1;30mLevel 1[0m _identify(log) by extension 'ignore'
[0.670s] [34mcolcon.colcon_core.package_identification[0m [1;30mLevel 1[0m _identify(log) ignored
[0.670s] [34mcolcon.colcon_core.package_identification[0m [1;30mLevel 1[0m _identify(src) by extensions ['ignore', 'ignore_ament_install']
[0.670s] [34mcolcon.colcon_core.package_identification[0m [1;30mLevel 1[0m _identify(src) by extension 'ignore'
[0.670s] [34mcolcon.colcon_core.package_identification[0m [1;30mLevel 1[0m _identify(src) by extension 'ignore_ament_install'
[0.670s] [34mcolcon.colcon_core.package_identification[0m [1;30mLevel 1[0m _identify(src) by extensions ['colcon_pkg']
[0.671s] [34mcolcon.colcon_core.package_identification[0m [1;30mLevel 1[0m _identify(src) by extension 'colcon_pkg'
[0.671s] [34mcolcon.colcon_core.package_identification[0m [1;30mLevel 1[0m _identify(src) by extensions ['colcon_meta']
[0.671s] [34mcolcon.colcon_core.package_identification[0m [1;30mLevel 1[0m _identify(src) by extension 'colcon_meta'
[0.671s] [34mcolcon.colcon_core.package_identification[0m [1;30mLevel 1[0m _identify(src) by extensions ['ros']
[0.671s] [34mcolcon.colcon_core.package_identification[0m [1;30mLevel 1[0m _identify(src) by extension 'ros'
[0.671s] [34mcolcon.colcon_core.package_identification[0m [1;30mLevel 1[0m _identify(src) by extensions ['cmake', 'python']
[0.671s] [34mcolcon.colcon_core.package_identification[0m [1;30mLevel 1[0m _identify(src) by extension 'cmake'
[0.671s] [34mcolcon.colcon_core.package_identification[0m [1;30mLevel 1[0m _identify(src) by extension 'python'
[0.671s] [34mcolcon.colcon_core.package_identification[0m [1;30mLevel 1[0m _identify(src) by extensions ['python_setup_py']
[0.671s] [34mcolcon.colcon_core.package_identification[0m [1;30mLevel 1[0m _identify(src) by extension 'python_setup_py'
[0.672s] [34mcolcon.colcon_core.package_identification[0m [1;30mLevel 1[0m _identify(src/log) by extensions ['ignore', 'ignore_ament_install']
[0.672s] [34mcolcon.colcon_core.package_identification[0m [1;30mLevel 1[0m _identify(src/log) by extension 'ignore'
[0.672s] [34mcolcon.colcon_core.package_identification[0m [1;30mLevel 1[0m _identify(src/log) ignored
[0.672s] [34mcolcon.colcon_core.package_identification[0m [1;30mLevel 1[0m _identify(src/takeoff_land) by extensions ['ignore', 'ignore_ament_install']
[0.672s] [34mcolcon.colcon_core.package_identification[0m [1;30mLevel 1[0m _identify(src/takeoff_land) by extension 'ignore'
[0.672s] [34mcolcon.colcon_core.package_identification[0m [1;30mLevel 1[0m _identify(src/takeoff_land) by extension 'ignore_ament_install'
[0.672s] [34mcolcon.colcon_core.package_identification[0m [1;30mLevel 1[0m _identify(src/takeoff_land) by extensions ['colcon_pkg']
[0.672s] [34mcolcon.colcon_core.package_identification[0m [1;30mLevel 1[0m _identify(src/takeoff_land) by extension 'colcon_pkg'
[0.673s] [34mcolcon.colcon_core.package_identification[0m [1;30mLevel 1[0m _identify(src/takeoff_land) by extensions ['colcon_meta']
[0.673s] [34mcolcon.colcon_core.package_identification[0m [1;30mLevel 1[0m _identify(src/takeoff_land) by extension 'colcon_meta'
[0.673s] [34mcolcon.colcon_core.package_identification[0m [1;30mLevel 1[0m _identify(src/takeoff_land) by extensions ['ros']
[0.673s] [34mcolcon.colcon_core.package_identification[0m [1;30mLevel 1[0m _identify(src/takeoff_land) by extension 'ros'
[0.679s] [34mcolcon.colcon_core.package_identification[0m [1;30mDEBUG[0m [32mPackage 'src/takeoff_land' with type 'ros.ament_python' and name 'takeoff_land'[0m
[0.679s] [34mcolcon.colcon_core.package_discovery[0m [1;30mLevel 1[0m discover_packages(recursive) using defaults
[0.679s] [34mcolcon.colcon_core.package_discovery[0m [1;30mLevel 1[0m discover_packages(ignore) discover
[0.679s] [34mcolcon.colcon_core.package_discovery[0m [1;30mLevel 1[0m discover_packages(ignore) using defaults
[0.679s] [34mcolcon.colcon_core.package_discovery[0m [1;30mLevel 1[0m discover_packages(path) discover
[0.679s] [34mcolcon.colcon_core.package_discovery[0m [1;30mLevel 1[0m discover_packages(path) using defaults
[0.749s] [34mcolcon.colcon_core.package_discovery[0m [1;30mLevel 1[0m discover_packages(prefix_path) check parameters
[0.749s] [34mcolcon.colcon_core.package_discovery[0m [1;30mLevel 1[0m discover_packages(prefix_path) discover
[0.755s] [34mcolcon.colcon_installed_package_information.package_discovery[0m [1;30mDEBUG[0m [32mFound 1 installed packages in /home/jeremy/px_com_jetson/install[0m
[0.756s] [34mcolcon.colcon_installed_package_information.package_discovery[0m [1;30mDEBUG[0m [32mFound 1 installed packages in /home/jeremy/drone_com_02/install[0m
[0.758s] [34mcolcon.colcon_installed_package_information.package_discovery[0m [1;30mDEBUG[0m [32mFound 280 installed packages in /opt/ros/humble[0m
[0.760s] [34mcolcon.colcon_core.package_discovery[0m [1;30mLevel 1[0m discover_packages(prefix_path) using defaults
[0.841s] [34mcolcon.colcon_core.verb[0m [1;30mLevel 5[0m set package 'takeoff_land' build argument 'cmake_args' from command line to 'None'
[0.842s] [34mcolcon.colcon_core.verb[0m [1;30mLevel 5[0m set package 'takeoff_land' build argument 'cmake_target' from command line to 'None'
[0.842s] [34mcolcon.colcon_core.verb[0m [1;30mLevel 5[0m set package 'takeoff_land' build argument 'cmake_target_skip_unavailable' from command line to 'False'
[0.842s] [34mcolcon.colcon_core.verb[0m [1;30mLevel 5[0m set package 'takeoff_land' build argument 'cmake_clean_cache' from command line to 'False'
[0.842s] [34mcolcon.colcon_core.verb[0m [1;30mLevel 5[0m set package 'takeoff_land' build argument 'cmake_clean_first' from command line to 'False'
[0.842s] [34mcolcon.colcon_core.verb[0m [1;30mLevel 5[0m set package 'takeoff_land' build argument 'cmake_force_configure' from command line to 'False'
[0.842s] [34mcolcon.colcon_core.verb[0m [1;30mLevel 5[0m set package 'takeoff_land' build argument 'ament_cmake_args' from command line to 'None'
[0.842s] [34mcolcon.colcon_core.verb[0m [1;30mLevel 5[0m set package 'takeoff_land' build argument 'catkin_cmake_args' from command line to 'None'
[0.842s] [34mcolcon.colcon_core.verb[0m [1;30mLevel 5[0m set package 'takeoff_land' build argument 'catkin_skip_building_tests' from command line to 'False'
[0.842s] [34mcolcon.colcon_core.verb[0m [1;30mDEBUG[0m [32mBuilding package 'takeoff_land' with the following arguments: {'ament_cmake_args': None, 'build_base': '/home/jeremy/drone_ws/build/takeoff_land', 'catkin_cmake_args': None, 'catkin_skip_building_tests': False, 'cmake_args': None, 'cmake_clean_cache': False, 'cmake_clean_first': False, 'cmake_force_configure': False, 'cmake_target': None, 'cmake_target_skip_unavailable': False, 'install_base': '/home/jeremy/drone_ws/install/takeoff_land', 'merge_install': False, 'path': '/home/jeremy/drone_ws/src/takeoff_land', 'symlink_install': False, 'test_result_base': None}[0m
[0.842s] [34mcolcon.colcon_core.executor[0m [1;30mINFO[0m Executing jobs using 'parallel' executor
[0.845s] [34mcolcon.colcon_parallel_executor.executor.parallel[0m [1;30mDEBUG[0m [32mrun_until_complete[0m
[0.845s] [34mcolcon.colcon_ros.task.ament_python.build[0m [1;30mINFO[0m Building ROS package in '/home/jeremy/drone_ws/src/takeoff_land' with build type 'ament_python'
[0.845s] [34mcolcon.colcon_core.shell[0m [1;30mLevel 1[0m create_environment_hook('takeoff_land', 'ament_prefix_path')
[0.849s] [34mcolcon.colcon_core.plugin_system[0m [1;30mINFO[0m Skipping extension 'colcon_core.shell.bat': Not used on non-Windows systems
[0.850s] [34mcolcon.colcon_core.shell[0m [1;30mINFO[0m Creating environment hook '/home/jeremy/drone_ws/install/takeoff_land/share/takeoff_land/hook/ament_prefix_path.ps1'
[0.852s] [34mcolcon.colcon_core.shell[0m [1;30mINFO[0m Creating environment descriptor '/home/jeremy/drone_ws/install/takeoff_land/share/takeoff_land/hook/ament_prefix_path.dsv'
[0.853s] [34mcolcon.colcon_core.shell[0m [1;30mINFO[0m Creating environment hook '/home/jeremy/drone_ws/install/takeoff_land/share/takeoff_land/hook/ament_prefix_path.sh'
[0.854s] [34mcolcon.colcon_core.shell[0m [1;30mINFO[0m Skip shell extension 'powershell' for command environment: Not usable outside of PowerShell
[0.855s] [34mcolcon.colcon_core.shell[0m [1;30mDEBUG[0m [32mSkip shell extension 'dsv' for command environment[0m
[1.387s] [34mcolcon.colcon_core.task.python.build[0m [1;30mINFO[0m Building Python package in '/home/jeremy/drone_ws/src/takeoff_land'
[1.388s] [34mcolcon.colcon_core.shell[0m [1;30mINFO[0m Skip shell extension 'powershell' for command environment: Not usable outside of PowerShell
[1.388s] [34mcolcon.colcon_core.shell[0m [1;30mDEBUG[0m [32mSkip shell extension 'dsv' for command environment[0m
[2.079s] [34mcolcon.colcon_core.task.python.build[0m [1;30mDEBUG[0m [32mAvailable setuptools commands: upload, setopt, install_lib, saveopts, install_egg_info, bdist_wheel, symlink_data, clean, install, install_scripts, sdist, test, check, egg_info, rotate, bdist_dumb, bdist_egg, dist_info, bdist, build_scripts, build_clib, build_ext, install_data, alias, register, build_py, build, develop, upload_docs, bdist_rpm, install_headers, easy_install[0m
[2.087s] [34mcolcon.colcon_core.event_handler.log_command[0m [1;30mDEBUG[0m [32mInvoking command in '/home/jeremy/drone_ws/src/takeoff_land': CONDA_PROMPT_MODIFIER=(base) PYTHONPATH=/home/jeremy/drone_ws/build/takeoff_land/prefix_override:/usr/lib/python3/dist-packages/colcon_core/task/python/colcon_distutils_commands:/home/jeremy/drone_ws/install/takeoff_land/lib/python3.10/site-packages:${PYTHONPATH} /usr/bin/python3 -W ignore:setup.py install is deprecated -W ignore:easy_install command is deprecated setup.py egg_info --egg-base ../../build/takeoff_land build --build-base /home/jeremy/drone_ws/build/takeoff_land/build install --record /home/jeremy/drone_ws/build/takeoff_land/install.log --install-scripts $base/lib/takeoff_land --single-version-externally-managed install_data[0m
[2.698s] [34mcolcon.colcon_core.event_handler.log_command[0m [1;30mDEBUG[0m [32mInvoked command in '/home/jeremy/drone_ws/src/takeoff_land' returned '0': CONDA_PROMPT_MODIFIER=(base) PYTHONPATH=/home/jeremy/drone_ws/build/takeoff_land/prefix_override:/usr/lib/python3/dist-packages/colcon_core/task/python/colcon_distutils_commands:/home/jeremy/drone_ws/install/takeoff_land/lib/python3.10/site-packages:${PYTHONPATH} /usr/bin/python3 -W ignore:setup.py install is deprecated -W ignore:easy_install command is deprecated setup.py egg_info --egg-base ../../build/takeoff_land build --build-base /home/jeremy/drone_ws/build/takeoff_land/build install --record /home/jeremy/drone_ws/build/takeoff_land/install.log --install-scripts $base/lib/takeoff_land --single-version-externally-managed install_data[0m
[2.707s] [34mcolcon.colcon_core.environment[0m [1;30mLevel 1[0m checking '/home/jeremy/drone_ws/install/takeoff_land' for CMake module files
[2.708s] [34mcolcon.colcon_core.environment[0m [1;30mLevel 1[0m checking '/home/jeremy/drone_ws/install/takeoff_land' for CMake config files
[2.712s] [34mcolcon.colcon_core.environment[0m [1;30mLevel 1[0m checking '/home/jeremy/drone_ws/install/takeoff_land/lib'
[2.712s] [34mcolcon.colcon_core.environment[0m [1;30mLevel 1[0m checking '/home/jeremy/drone_ws/install/takeoff_land/bin'
[2.713s] [34mcolcon.colcon_core.environment[0m [1;30mLevel 1[0m checking '/home/jeremy/drone_ws/install/takeoff_land/lib/pkgconfig/takeoff_land.pc'
[2.714s] [34mcolcon.colcon_core.environment[0m [1;30mLevel 1[0m checking '/home/jeremy/drone_ws/install/takeoff_land/lib/python3.10/site-packages'
[2.714s] [34mcolcon.colcon_core.shell[0m [1;30mLevel 1[0m create_environment_hook('takeoff_land', 'pythonpath')
[2.715s] [34mcolcon.colcon_core.shell[0m [1;30mINFO[0m Creating environment hook '/home/jeremy/drone_ws/install/takeoff_land/share/takeoff_land/hook/pythonpath.ps1'
[2.717s] [34mcolcon.colcon_core.shell[0m [1;30mINFO[0m Creating environment descriptor '/home/jeremy/drone_ws/install/takeoff_land/share/takeoff_land/hook/pythonpath.dsv'
[2.718s] [34mcolcon.colcon_core.shell[0m [1;30mINFO[0m Creating environment hook '/home/jeremy/drone_ws/install/takeoff_land/share/takeoff_land/hook/pythonpath.sh'
[2.721s] [34mcolcon.colcon_core.environment[0m [1;30mLevel 1[0m checking '/home/jeremy/drone_ws/install/takeoff_land/bin'
[2.721s] [34mcolcon.colcon_core.environment[0m [1;30mLevel 1[0m create_environment_scripts_only(takeoff_land)
[2.722s] [34mcolcon.colcon_core.shell[0m [1;30mINFO[0m Creating package script '/home/jeremy/drone_ws/install/takeoff_land/share/takeoff_land/package.ps1'
[2.726s] [34mcolcon.colcon_core.shell[0m [1;30mINFO[0m Creating package descriptor '/home/jeremy/drone_ws/install/takeoff_land/share/takeoff_land/package.dsv'
[2.728s] [34mcolcon.colcon_core.shell[0m [1;30mINFO[0m Creating package script '/home/jeremy/drone_ws/install/takeoff_land/share/takeoff_land/package.sh'
[2.731s] [34mcolcon.colcon_core.shell[0m [1;30mINFO[0m Creating package script '/home/jeremy/drone_ws/install/takeoff_land/share/takeoff_land/package.bash'
[2.734s] [34mcolcon.colcon_core.shell[0m [1;30mINFO[0m Creating package script '/home/jeremy/drone_ws/install/takeoff_land/share/takeoff_land/package.zsh'
[2.737s] [34mcolcon.colcon_core.environment[0m [1;30mLevel 1[0m create_file_with_runtime_dependencies(/home/jeremy/drone_ws/install/takeoff_land/share/colcon-core/packages/takeoff_land)
[2.738s] [34mcolcon.colcon_parallel_executor.executor.parallel[0m [1;30mDEBUG[0m [32mclosing loop[0m
[2.739s] [34mcolcon.colcon_parallel_executor.executor.parallel[0m [1;30mDEBUG[0m [32mloop closed[0m
[2.740s] [34mcolcon.colcon_parallel_executor.executor.parallel[0m [1;30mDEBUG[0m [32mrun_until_complete finished with '0'[0m
[2.740s] [34mcolcon.colcon_core.event_reactor[0m [1;30mDEBUG[0m [32mjoining thread[0m
[2.742s] [34mcolcon.colcon_core.event_reactor[0m [1;30mDEBUG[0m [32mjoined thread[0m
[2.743s] [34mcolcon.colcon_core.shell[0m [1;30mINFO[0m Creating prefix script '/home/jeremy/drone_ws/install/local_setup.ps1'
[2.747s] [34mcolcon.colcon_core.shell[0m [1;30mINFO[0m Creating prefix util module '/home/jeremy/drone_ws/install/_local_setup_util_ps1.py'
[2.752s] [34mcolcon.colcon_core.shell[0m [1;30mINFO[0m Creating prefix chain script '/home/jeremy/drone_ws/install/setup.ps1'
[2.757s] [34mcolcon.colcon_core.shell[0m [1;30mINFO[0m Creating prefix script '/home/jeremy/drone_ws/install/local_setup.sh'
[2.760s] [34mcolcon.colcon_core.shell[0m [1;30mINFO[0m Creating prefix util module '/home/jeremy/drone_ws/install/_local_setup_util_sh.py'
[2.762s] [34mcolcon.colcon_core.shell[0m [1;30mINFO[0m Creating prefix chain script '/home/jeremy/drone_ws/install/setup.sh'
[2.766s] [34mcolcon.colcon_core.shell[0m [1;30mINFO[0m Creating prefix script '/home/jeremy/drone_ws/install/local_setup.bash'
[2.767s] [34mcolcon.colcon_core.shell[0m [1;30mINFO[0m Creating prefix chain script '/home/jeremy/drone_ws/install/setup.bash'
[2.771s] [34mcolcon.colcon_core.shell[0m [1;30mINFO[0m Creating prefix script '/home/jeremy/drone_ws/install/local_setup.zsh'
[2.772s] [34mcolcon.colcon_core.shell[0m [1;30mINFO[0m Creating prefix chain script '/home/jeremy/drone_ws/install/setup.zsh'
