running egg_info
writing ../../build/takeoff_land/takeoff_land.egg-info/PKG-INFO
writing dependency_links to ../../build/takeoff_land/takeoff_land.egg-info/dependency_links.txt
writing entry points to ../../build/takeoff_land/takeoff_land.egg-info/entry_points.txt
writing requirements to ../../build/takeoff_land/takeoff_land.egg-info/requires.txt
writing top-level names to ../../build/takeoff_land/takeoff_land.egg-info/top_level.txt
reading manifest file '../../build/takeoff_land/takeoff_land.egg-info/SOURCES.txt'
writing manifest file '../../build/takeoff_land/takeoff_land.egg-info/SOURCES.txt'
running build
running build_py
copying takeoff_land/takeoff_land_node.py -> /home/jeremy/drone_ws/build/takeoff_land/build/lib/takeoff_land
running install
running install_lib
copying /home/jeremy/drone_ws/build/takeoff_land/build/lib/takeoff_land/takeoff_land_node.py -> /home/jeremy/drone_ws/install/takeoff_land/lib/python3.10/site-packages/takeoff_land
byte-compiling /home/jeremy/drone_ws/install/takeoff_land/lib/python3.10/site-packages/takeoff_land/takeoff_land_node.py to takeoff_land_node.cpython-310.pyc
running install_data
running install_egg_info
removing '/home/jeremy/drone_ws/install/takeoff_land/lib/python3.10/site-packages/takeoff_land-0.1.0-py3.10.egg-info' (and everything under it)
Copying ../../build/takeoff_land/takeoff_land.egg-info to /home/jeremy/drone_ws/install/takeoff_land/lib/python3.10/site-packages/takeoff_land-0.1.0-py3.10.egg-info
running install_scripts
Installing px4_sensor_reader script to /home/jeremy/drone_ws/install/takeoff_land/lib/takeoff_land
Installing takeoff_land_node script to /home/jeremy/drone_ws/install/takeoff_land/lib/takeoff_land
writing list of installed files to '/home/jeremy/drone_ws/build/takeoff_land/install.log'
