/home/jeremy/drone_ws/install/takeoff_land/lib/python3.10/site-packages/takeoff_land/takeoff_land_node.py
/home/jeremy/drone_ws/install/takeoff_land/lib/python3.10/site-packages/takeoff_land/px4_sensor_reader.py
/home/jeremy/drone_ws/install/takeoff_land/lib/python3.10/site-packages/takeoff_land/__init__.py
/home/jeremy/drone_ws/install/takeoff_land/lib/python3.10/site-packages/takeoff_land/mode_monitor.py
/home/jeremy/drone_ws/install/takeoff_land/lib/python3.10/site-packages/takeoff_land/hold_position_node.py
/home/jeremy/drone_ws/install/takeoff_land/lib/python3.10/site-packages/takeoff_land/__pycache__/takeoff_land_node.cpython-310.pyc
/home/jeremy/drone_ws/install/takeoff_land/lib/python3.10/site-packages/takeoff_land/__pycache__/px4_sensor_reader.cpython-310.pyc
/home/jeremy/drone_ws/install/takeoff_land/lib/python3.10/site-packages/takeoff_land/__pycache__/__init__.cpython-310.pyc
/home/jeremy/drone_ws/install/takeoff_land/lib/python3.10/site-packages/takeoff_land/__pycache__/mode_monitor.cpython-310.pyc
/home/jeremy/drone_ws/install/takeoff_land/lib/python3.10/site-packages/takeoff_land/__pycache__/hold_position_node.cpython-310.pyc
/home/jeremy/drone_ws/install/takeoff_land/share/ament_index/resource_index/packages/takeoff_land
/home/jeremy/drone_ws/install/takeoff_land/share/takeoff_land/package.xml
/home/jeremy/drone_ws/install/takeoff_land/share/takeoff_land/launch/mavros_only.launch.py
/home/jeremy/drone_ws/install/takeoff_land/share/takeoff_land/launch/takeoff_land.launch.py
/home/jeremy/drone_ws/install/takeoff_land/lib/python3.10/site-packages/takeoff_land-0.1.0-py3.10.egg-info/PKG-INFO
/home/jeremy/drone_ws/install/takeoff_land/lib/python3.10/site-packages/takeoff_land-0.1.0-py3.10.egg-info/entry_points.txt
/home/jeremy/drone_ws/install/takeoff_land/lib/python3.10/site-packages/takeoff_land-0.1.0-py3.10.egg-info/top_level.txt
/home/jeremy/drone_ws/install/takeoff_land/lib/python3.10/site-packages/takeoff_land-0.1.0-py3.10.egg-info/dependency_links.txt
/home/jeremy/drone_ws/install/takeoff_land/lib/python3.10/site-packages/takeoff_land-0.1.0-py3.10.egg-info/SOURCES.txt
/home/jeremy/drone_ws/install/takeoff_land/lib/python3.10/site-packages/takeoff_land-0.1.0-py3.10.egg-info/zip-safe
/home/jeremy/drone_ws/install/takeoff_land/lib/python3.10/site-packages/takeoff_land-0.1.0-py3.10.egg-info/requires.txt
/home/jeremy/drone_ws/install/takeoff_land/lib/takeoff_land/hold_position_node
/home/jeremy/drone_ws/install/takeoff_land/lib/takeoff_land/mode_monitor
/home/jeremy/drone_ws/install/takeoff_land/lib/takeoff_land/px4_sensor_reader
/home/jeremy/drone_ws/install/takeoff_land/lib/takeoff_land/takeoff_land_node
