[1.179s] Invoking command in '/home/jeremy/drone_ws/src/drone_pkg': CONDA_PROMPT_MODIFIER=(base) PYTHONPATH=/home/jeremy/drone_ws/build/takeoff_land/prefix_override:/usr/lib/python3/dist-packages/colcon_core/task/python/colcon_distutils_commands:/home/jeremy/drone_ws/install/takeoff_land/lib/python3.10/site-packages:${PYTHONPATH} /usr/bin/python3 -W ignore:setup.py install is deprecated -W ignore:easy_install command is deprecated setup.py egg_info --egg-base ../../build/takeoff_land build --build-base /home/jeremy/drone_ws/build/takeoff_land/build install --record /home/jeremy/drone_ws/build/takeoff_land/install.log --install-scripts $base/lib/drone_pkg --single-version-externally-managed install_data
[1.642s] running egg_info
[1.642s] creating ../../build/takeoff_land/takeoff_land.egg-info
[1.643s] writing ../../build/takeoff_land/takeoff_land.egg-info/PKG-INFO
[1.643s] writing dependency_links to ../../build/takeoff_land/takeoff_land.egg-info/dependency_links.txt
[1.643s] writing entry points to ../../build/takeoff_land/takeoff_land.egg-info/entry_points.txt
[1.644s] writing requirements to ../../build/takeoff_land/takeoff_land.egg-info/requires.txt
[1.644s] writing top-level names to ../../build/takeoff_land/takeoff_land.egg-info/top_level.txt
[1.644s] writing manifest file '../../build/takeoff_land/takeoff_land.egg-info/SOURCES.txt'
[1.649s] reading manifest file '../../build/takeoff_land/takeoff_land.egg-info/SOURCES.txt'
[1.650s] writing manifest file '../../build/takeoff_land/takeoff_land.egg-info/SOURCES.txt'
[1.651s] running build
[1.651s] running build_py
[1.651s] creating /home/jeremy/drone_ws/build/takeoff_land/build
[1.651s] creating /home/jeremy/drone_ws/build/takeoff_land/build/lib
[1.651s] creating /home/jeremy/drone_ws/build/takeoff_land/build/lib/drone_pkg
[1.651s] copying drone_pkg/takeoff_land_node.py -> /home/jeremy/drone_ws/build/takeoff_land/build/lib/drone_pkg
[1.652s] copying drone_pkg/px4_sensor_reader.py -> /home/jeremy/drone_ws/build/takeoff_land/build/lib/drone_pkg
[1.652s] copying drone_pkg/__init__.py -> /home/jeremy/drone_ws/build/takeoff_land/build/lib/drone_pkg
[1.652s] running install
[1.653s] running install_lib
[1.655s] creating /home/jeremy/drone_ws/install/takeoff_land/lib/python3.10/site-packages/drone_pkg
[1.655s] copying /home/jeremy/drone_ws/build/takeoff_land/build/lib/drone_pkg/takeoff_land_node.py -> /home/jeremy/drone_ws/install/takeoff_land/lib/python3.10/site-packages/drone_pkg
[1.655s] copying /home/jeremy/drone_ws/build/takeoff_land/build/lib/drone_pkg/px4_sensor_reader.py -> /home/jeremy/drone_ws/install/takeoff_land/lib/python3.10/site-packages/drone_pkg
[1.655s] copying /home/jeremy/drone_ws/build/takeoff_land/build/lib/drone_pkg/__init__.py -> /home/jeremy/drone_ws/install/takeoff_land/lib/python3.10/site-packages/drone_pkg
[1.656s] byte-compiling /home/jeremy/drone_ws/install/takeoff_land/lib/python3.10/site-packages/drone_pkg/takeoff_land_node.py to takeoff_land_node.cpython-310.pyc
[1.662s] byte-compiling /home/jeremy/drone_ws/install/takeoff_land/lib/python3.10/site-packages/drone_pkg/px4_sensor_reader.py to px4_sensor_reader.cpython-310.pyc
[1.665s] byte-compiling /home/jeremy/drone_ws/install/takeoff_land/lib/python3.10/site-packages/drone_pkg/__init__.py to __init__.cpython-310.pyc
[1.665s] running install_data
[1.666s] creating /home/jeremy/drone_ws/install/takeoff_land/share
[1.666s] creating /home/jeremy/drone_ws/install/takeoff_land/share/ament_index
[1.666s] creating /home/jeremy/drone_ws/install/takeoff_land/share/ament_index/resource_index
[1.666s] creating /home/jeremy/drone_ws/install/takeoff_land/share/ament_index/resource_index/packages
[1.666s] error: can't copy 'resource/takeoff_land': doesn't exist or not a regular file
[1.718s] Invoked command in '/home/jeremy/drone_ws/src/drone_pkg' returned '1': CONDA_PROMPT_MODIFIER=(base) PYTHONPATH=/home/jeremy/drone_ws/build/takeoff_land/prefix_override:/usr/lib/python3/dist-packages/colcon_core/task/python/colcon_distutils_commands:/home/jeremy/drone_ws/install/takeoff_land/lib/python3.10/site-packages:${PYTHONPATH} /usr/bin/python3 -W ignore:setup.py install is deprecated -W ignore:easy_install command is deprecated setup.py egg_info --egg-base ../../build/takeoff_land build --build-base /home/jeremy/drone_ws/build/takeoff_land/build install --record /home/jeremy/drone_ws/build/takeoff_land/install.log --install-scripts $base/lib/drone_pkg --single-version-externally-managed install_data
