[0.273s] colcon DEBUG Command line arguments: ['/usr/bin/colcon', 'build', '--packages-select', 'takeoff_land']
[0.273s] colcon DEBUG Parsed command line arguments: Namespace(log_base=None, log_level=None, verb_name='build', build_base='build', install_base='install', merge_install=False, symlink_install=False, test_result_base=None, continue_on_error=False, executor='parallel', parallel_workers=6, event_handlers=None, ignore_user_meta=False, metas=['./colcon.meta'], base_paths=['.'], packages_ignore=None, packages_ignore_regex=None, paths=None, packages_up_to=None, packages_up_to_regex=None, packages_above=None, packages_above_and_dependencies=None, packages_above_depth=None, packages_select_by_dep=None, packages_skip_by_dep=None, packages_skip_up_to=None, packages_select_build_failed=False, packages_skip_build_finished=False, packages_select_test_failures=False, packages_skip_test_passed=False, packages_select=['takeoff_land'], packages_skip=None, packages_select_regex=None, packages_skip_regex=None, packages_start=None, packages_end=None, allow_overriding=[], cmake_args=None, cmake_target=None, cmake_target_skip_unavailable=False, cmake_clean_cache=False, cmake_clean_first=False, cmake_force_configure=False, ament_cmake_args=None, catkin_cmake_args=None, catkin_skip_building_tests=False, verb_parser=<colcon_defaults.argument_parser.defaults.DefaultArgumentsDecorator object at 0xffff9021e350>, verb_extension=<colcon_core.verb.build.BuildVerb object at 0xffff901a2f80>, main=<bound method BuildVerb.main of <colcon_core.verb.build.BuildVerb object at 0xffff901a2f80>>)
[0.798s] colcon.colcon_core.package_discovery Level 1 discover_packages(colcon_meta) check parameters
[0.798s] colcon.colcon_core.package_discovery Level 1 discover_packages(recursive) check parameters
[0.798s] colcon.colcon_core.package_discovery Level 1 discover_packages(ignore) check parameters
[0.798s] colcon.colcon_core.package_discovery Level 1 discover_packages(path) check parameters
[0.799s] colcon.colcon_core.package_discovery Level 1 discover_packages(colcon_meta) discover
[0.799s] colcon.colcon_core.package_discovery Level 1 discover_packages(recursive) discover
[0.799s] colcon.colcon_core.package_discovery INFO Crawling recursively for packages in '/home/jeremy/drone_ws'
[0.799s] colcon.colcon_core.package_identification Level 1 _identify(.) by extensions ['ignore', 'ignore_ament_install']
[0.799s] colcon.colcon_core.package_identification Level 1 _identify(.) by extension 'ignore'
[0.800s] colcon.colcon_core.package_identification Level 1 _identify(.) by extension 'ignore_ament_install'
[0.800s] colcon.colcon_core.package_identification Level 1 _identify(.) by extensions ['colcon_pkg']
[0.800s] colcon.colcon_core.package_identification Level 1 _identify(.) by extension 'colcon_pkg'
[0.800s] colcon.colcon_core.package_identification Level 1 _identify(.) by extensions ['colcon_meta']
[0.800s] colcon.colcon_core.package_identification Level 1 _identify(.) by extension 'colcon_meta'
[0.800s] colcon.colcon_core.package_identification Level 1 _identify(.) by extensions ['ros']
[0.800s] colcon.colcon_core.package_identification Level 1 _identify(.) by extension 'ros'
[0.834s] colcon.colcon_core.package_identification Level 1 _identify(.) by extensions ['cmake', 'python']
[0.835s] colcon.colcon_core.package_identification Level 1 _identify(.) by extension 'cmake'
[0.835s] colcon.colcon_core.package_identification Level 1 _identify(.) by extension 'python'
[0.835s] colcon.colcon_core.package_identification Level 1 _identify(.) by extensions ['python_setup_py']
[0.835s] colcon.colcon_core.package_identification Level 1 _identify(.) by extension 'python_setup_py'
[0.835s] colcon.colcon_core.package_identification Level 1 _identify(build) by extensions ['ignore', 'ignore_ament_install']
[0.836s] colcon.colcon_core.package_identification Level 1 _identify(build) by extension 'ignore'
[0.836s] colcon.colcon_core.package_identification Level 1 _identify(build) ignored
[0.836s] colcon.colcon_core.package_identification Level 1 _identify(install) by extensions ['ignore', 'ignore_ament_install']
[0.836s] colcon.colcon_core.package_identification Level 1 _identify(install) by extension 'ignore'
[0.837s] colcon.colcon_core.package_identification Level 1 _identify(install) ignored
[0.837s] colcon.colcon_core.package_identification Level 1 _identify(log) by extensions ['ignore', 'ignore_ament_install']
[0.837s] colcon.colcon_core.package_identification Level 1 _identify(log) by extension 'ignore'
[0.837s] colcon.colcon_core.package_identification Level 1 _identify(log) ignored
[0.837s] colcon.colcon_core.package_identification Level 1 _identify(src) by extensions ['ignore', 'ignore_ament_install']
[0.837s] colcon.colcon_core.package_identification Level 1 _identify(src) by extension 'ignore'
[0.837s] colcon.colcon_core.package_identification Level 1 _identify(src) by extension 'ignore_ament_install'
[0.838s] colcon.colcon_core.package_identification Level 1 _identify(src) by extensions ['colcon_pkg']
[0.838s] colcon.colcon_core.package_identification Level 1 _identify(src) by extension 'colcon_pkg'
[0.838s] colcon.colcon_core.package_identification Level 1 _identify(src) by extensions ['colcon_meta']
[0.838s] colcon.colcon_core.package_identification Level 1 _identify(src) by extension 'colcon_meta'
[0.838s] colcon.colcon_core.package_identification Level 1 _identify(src) by extensions ['ros']
[0.838s] colcon.colcon_core.package_identification Level 1 _identify(src) by extension 'ros'
[0.838s] colcon.colcon_core.package_identification Level 1 _identify(src) by extensions ['cmake', 'python']
[0.838s] colcon.colcon_core.package_identification Level 1 _identify(src) by extension 'cmake'
[0.838s] colcon.colcon_core.package_identification Level 1 _identify(src) by extension 'python'
[0.839s] colcon.colcon_core.package_identification Level 1 _identify(src) by extensions ['python_setup_py']
[0.839s] colcon.colcon_core.package_identification Level 1 _identify(src) by extension 'python_setup_py'
[0.839s] colcon.colcon_core.package_identification Level 1 _identify(src/drone_pkg) by extensions ['ignore', 'ignore_ament_install']
[0.839s] colcon.colcon_core.package_identification Level 1 _identify(src/drone_pkg) by extension 'ignore'
[0.839s] colcon.colcon_core.package_identification Level 1 _identify(src/drone_pkg) by extension 'ignore_ament_install'
[0.839s] colcon.colcon_core.package_identification Level 1 _identify(src/drone_pkg) by extensions ['colcon_pkg']
[0.839s] colcon.colcon_core.package_identification Level 1 _identify(src/drone_pkg) by extension 'colcon_pkg'
[0.839s] colcon.colcon_core.package_identification Level 1 _identify(src/drone_pkg) by extensions ['colcon_meta']
[0.839s] colcon.colcon_core.package_identification Level 1 _identify(src/drone_pkg) by extension 'colcon_meta'
[0.840s] colcon.colcon_core.package_identification Level 1 _identify(src/drone_pkg) by extensions ['ros']
[0.840s] colcon.colcon_core.package_identification Level 1 _identify(src/drone_pkg) by extension 'ros'
[0.844s] colcon.colcon_core.package_identification DEBUG Failed to parse potential ROS package manifest in'src/drone_pkg': Error(s) in package 'src/drone_pkg/package.xml':
The manifest contains invalid XML:
not well-formed (invalid token): line 6, column 55
[0.844s] colcon.colcon_core.package_identification Level 1 _identify(src/drone_pkg) by extensions ['cmake', 'python']
[0.844s] colcon.colcon_core.package_identification Level 1 _identify(src/drone_pkg) by extension 'cmake'
[0.844s] colcon.colcon_core.package_identification Level 1 _identify(src/drone_pkg) by extension 'python'
[0.844s] colcon.colcon_core.package_identification DEBUG Python package in 'src/drone_pkg' passes arguments to the setup() function which requires a different identification extension than 'python'
[0.844s] colcon.colcon_core.package_identification Level 1 _identify(src/drone_pkg) by extensions ['python_setup_py']
[0.844s] colcon.colcon_core.package_identification Level 1 _identify(src/drone_pkg) by extension 'python_setup_py'
[1.327s] colcon.colcon_core.package_identification DEBUG Package 'src/drone_pkg' with type 'python' and name 'takeoff_land'
[1.328s] colcon.colcon_core.package_discovery Level 1 discover_packages(recursive) using defaults
[1.328s] colcon.colcon_core.package_discovery Level 1 discover_packages(ignore) discover
[1.328s] colcon.colcon_core.package_discovery Level 1 discover_packages(ignore) using defaults
[1.328s] colcon.colcon_core.package_discovery Level 1 discover_packages(path) discover
[1.328s] colcon.colcon_core.package_discovery Level 1 discover_packages(path) using defaults
[1.484s] colcon.colcon_core.package_discovery Level 1 discover_packages(prefix_path) check parameters
[1.484s] colcon.colcon_core.package_discovery Level 1 discover_packages(prefix_path) discover
[1.493s] colcon.colcon_installed_package_information.package_discovery DEBUG Found 280 installed packages in /opt/ros/humble
[1.497s] colcon.colcon_core.package_discovery Level 1 discover_packages(prefix_path) using defaults
[1.584s] colcon.colcon_core.verb Level 5 set package 'takeoff_land' build argument 'cmake_args' from command line to 'None'
[1.584s] colcon.colcon_core.verb Level 5 set package 'takeoff_land' build argument 'cmake_target' from command line to 'None'
[1.584s] colcon.colcon_core.verb Level 5 set package 'takeoff_land' build argument 'cmake_target_skip_unavailable' from command line to 'False'
[1.584s] colcon.colcon_core.verb Level 5 set package 'takeoff_land' build argument 'cmake_clean_cache' from command line to 'False'
[1.584s] colcon.colcon_core.verb Level 5 set package 'takeoff_land' build argument 'cmake_clean_first' from command line to 'False'
[1.584s] colcon.colcon_core.verb Level 5 set package 'takeoff_land' build argument 'cmake_force_configure' from command line to 'False'
[1.585s] colcon.colcon_core.verb Level 5 set package 'takeoff_land' build argument 'ament_cmake_args' from command line to 'None'
[1.585s] colcon.colcon_core.verb Level 5 set package 'takeoff_land' build argument 'catkin_cmake_args' from command line to 'None'
[1.585s] colcon.colcon_core.verb Level 5 set package 'takeoff_land' build argument 'catkin_skip_building_tests' from command line to 'False'
[1.585s] colcon.colcon_core.verb DEBUG Building package 'takeoff_land' with the following arguments: {'ament_cmake_args': None, 'build_base': '/home/jeremy/drone_ws/build/takeoff_land', 'catkin_cmake_args': None, 'catkin_skip_building_tests': False, 'cmake_args': None, 'cmake_clean_cache': False, 'cmake_clean_first': False, 'cmake_force_configure': False, 'cmake_target': None, 'cmake_target_skip_unavailable': False, 'install_base': '/home/jeremy/drone_ws/install/takeoff_land', 'merge_install': False, 'path': '/home/jeremy/drone_ws/src/drone_pkg', 'symlink_install': False, 'test_result_base': None}
[1.585s] colcon.colcon_core.executor INFO Executing jobs using 'parallel' executor
[1.587s] colcon.colcon_parallel_executor.executor.parallel DEBUG run_until_complete
[1.587s] colcon.colcon_core.task.python.build INFO Building Python package in '/home/jeremy/drone_ws/src/drone_pkg'
[1.620s] colcon.colcon_core.plugin_system INFO Skipping extension 'colcon_core.shell.bat': Not used on non-Windows systems
[1.620s] colcon.colcon_core.shell INFO Skip shell extension 'powershell' for command environment: Not usable outside of PowerShell
[1.620s] colcon.colcon_core.shell DEBUG Skip shell extension 'dsv' for command environment
[2.840s] colcon.colcon_core.task.python.build DEBUG Available setuptools commands: build_ext, bdist_egg, install_scripts, sdist, register, bdist, develop, saveopts, build_py, install, test, bdist_rpm, clean, install_lib, build_scripts, upload_docs, egg_info, bdist_wheel, install_headers, build_clib, install_egg_info, setopt, install_data, upload, bdist_dumb, check, build, dist_info, alias, easy_install, rotate, symlink_data
[2.847s] colcon.colcon_core.event_handler.log_command DEBUG Invoking command in '/home/jeremy/drone_ws/src/drone_pkg': PYTHONPATH=/home/jeremy/drone_ws/build/takeoff_land/prefix_override:/usr/lib/python3/dist-packages/colcon_core/task/python/colcon_distutils_commands:/home/jeremy/drone_ws/install/takeoff_land/lib/python3.10/site-packages:${PYTHONPATH} /usr/bin/python3 -W ignore:setup.py install is deprecated -W ignore:easy_install command is deprecated setup.py egg_info --egg-base ../../build/takeoff_land build --build-base /home/jeremy/drone_ws/build/takeoff_land/build install --record /home/jeremy/drone_ws/build/takeoff_land/install.log --install-scripts $base/lib/takeoff_land --single-version-externally-managed install_data
[3.403s] colcon.colcon_core.event_handler.log_command DEBUG Invoked command in '/home/jeremy/drone_ws/src/drone_pkg' returned '0': PYTHONPATH=/home/jeremy/drone_ws/build/takeoff_land/prefix_override:/usr/lib/python3/dist-packages/colcon_core/task/python/colcon_distutils_commands:/home/jeremy/drone_ws/install/takeoff_land/lib/python3.10/site-packages:${PYTHONPATH} /usr/bin/python3 -W ignore:setup.py install is deprecated -W ignore:easy_install command is deprecated setup.py egg_info --egg-base ../../build/takeoff_land build --build-base /home/jeremy/drone_ws/build/takeoff_land/build install --record /home/jeremy/drone_ws/build/takeoff_land/install.log --install-scripts $base/lib/takeoff_land --single-version-externally-managed install_data
[3.418s] colcon.colcon_core.environment Level 1 checking '/home/jeremy/drone_ws/install/takeoff_land' for CMake module files
[3.421s] colcon.colcon_core.environment Level 1 checking '/home/jeremy/drone_ws/install/takeoff_land' for CMake config files
[3.425s] colcon.colcon_core.environment Level 1 checking '/home/jeremy/drone_ws/install/takeoff_land/lib'
[3.426s] colcon.colcon_core.environment Level 1 checking '/home/jeremy/drone_ws/install/takeoff_land/bin'
[3.426s] colcon.colcon_core.environment Level 1 checking '/home/jeremy/drone_ws/install/takeoff_land/lib/pkgconfig/takeoff_land.pc'
[3.427s] colcon.colcon_core.environment Level 1 checking '/home/jeremy/drone_ws/install/takeoff_land/lib/python3.10/site-packages'
[3.427s] colcon.colcon_core.shell Level 1 create_environment_hook('takeoff_land', 'pythonpath')
[3.429s] colcon.colcon_core.shell INFO Creating environment hook '/home/jeremy/drone_ws/install/takeoff_land/share/takeoff_land/hook/pythonpath.ps1'
[3.433s] colcon.colcon_core.shell INFO Creating environment descriptor '/home/jeremy/drone_ws/install/takeoff_land/share/takeoff_land/hook/pythonpath.dsv'
[3.437s] colcon.colcon_core.shell INFO Creating environment hook '/home/jeremy/drone_ws/install/takeoff_land/share/takeoff_land/hook/pythonpath.sh'
[3.441s] colcon.colcon_core.environment Level 1 checking '/home/jeremy/drone_ws/install/takeoff_land/bin'
[3.441s] colcon.colcon_core.environment Level 1 create_environment_scripts_only(takeoff_land)
[3.443s] colcon.colcon_core.shell INFO Creating package script '/home/jeremy/drone_ws/install/takeoff_land/share/takeoff_land/package.ps1'
[3.448s] colcon.colcon_core.shell INFO Creating package descriptor '/home/jeremy/drone_ws/install/takeoff_land/share/takeoff_land/package.dsv'
[3.451s] colcon.colcon_core.shell INFO Creating package script '/home/jeremy/drone_ws/install/takeoff_land/share/takeoff_land/package.sh'
[3.454s] colcon.colcon_core.shell INFO Creating package script '/home/jeremy/drone_ws/install/takeoff_land/share/takeoff_land/package.bash'
[3.459s] colcon.colcon_core.shell INFO Creating package script '/home/jeremy/drone_ws/install/takeoff_land/share/takeoff_land/package.zsh'
[3.462s] colcon.colcon_core.environment Level 1 create_file_with_runtime_dependencies(/home/jeremy/drone_ws/install/takeoff_land/share/colcon-core/packages/takeoff_land)
[3.464s] colcon.colcon_parallel_executor.executor.parallel DEBUG closing loop
[3.466s] colcon.colcon_parallel_executor.executor.parallel DEBUG loop closed
[3.467s] colcon.colcon_parallel_executor.executor.parallel DEBUG run_until_complete finished with '0'
[3.467s] colcon.colcon_core.event_reactor DEBUG joining thread
[3.468s] colcon.colcon_core.event_reactor DEBUG joined thread
[3.469s] colcon.colcon_core.shell INFO Creating prefix script '/home/jeremy/drone_ws/install/local_setup.ps1'
[3.474s] colcon.colcon_core.shell INFO Creating prefix util module '/home/jeremy/drone_ws/install/_local_setup_util_ps1.py'
[3.481s] colcon.colcon_core.shell INFO Creating prefix chain script '/home/jeremy/drone_ws/install/setup.ps1'
[3.486s] colcon.colcon_core.shell INFO Creating prefix script '/home/jeremy/drone_ws/install/local_setup.sh'
[3.489s] colcon.colcon_core.shell INFO Creating prefix util module '/home/jeremy/drone_ws/install/_local_setup_util_sh.py'
[3.491s] colcon.colcon_core.shell INFO Creating prefix chain script '/home/jeremy/drone_ws/install/setup.sh'
[3.495s] colcon.colcon_core.shell INFO Creating prefix script '/home/jeremy/drone_ws/install/local_setup.bash'
[3.498s] colcon.colcon_core.shell INFO Creating prefix chain script '/home/jeremy/drone_ws/install/setup.bash'
[3.502s] colcon.colcon_core.shell INFO Creating prefix script '/home/jeremy/drone_ws/install/local_setup.zsh'
[3.506s] colcon.colcon_core.shell INFO Creating prefix chain script '/home/jeremy/drone_ws/install/setup.zsh'
