[0.207s] colcon DEBUG Command line arguments: ['/usr/bin/colcon', 'build', '--packages-select', 'takeoff_land']
[0.207s] colcon DEBUG Parsed command line arguments: Namespace(log_base=None, log_level=None, verb_name='build', build_base='build', install_base='install', merge_install=False, symlink_install=False, test_result_base=None, continue_on_error=False, executor='parallel', parallel_workers=6, event_handlers=None, ignore_user_meta=False, metas=['./colcon.meta'], base_paths=['.'], packages_ignore=None, packages_ignore_regex=None, paths=None, packages_up_to=None, packages_up_to_regex=None, packages_above=None, packages_above_and_dependencies=None, packages_above_depth=None, packages_select_by_dep=None, packages_skip_by_dep=None, packages_skip_up_to=None, packages_select_build_failed=False, packages_skip_build_finished=False, packages_select_test_failures=False, packages_skip_test_passed=False, packages_select=['takeoff_land'], packages_skip=None, packages_select_regex=None, packages_skip_regex=None, packages_start=None, packages_end=None, allow_overriding=[], cmake_args=None, cmake_target=None, cmake_target_skip_unavailable=False, cmake_clean_cache=False, cmake_clean_first=False, cmake_force_configure=False, ament_cmake_args=None, catkin_cmake_args=None, catkin_skip_building_tests=False, verb_parser=<colcon_defaults.argument_parser.defaults.DefaultArgumentsDecorator object at 0xffff891be350>, verb_extension=<colcon_core.verb.build.BuildVerb object at 0xffff89142f80>, main=<bound method BuildVerb.main of <colcon_core.verb.build.BuildVerb object at 0xffff89142f80>>)
[0.516s] colcon.colcon_core.package_discovery Level 1 discover_packages(colcon_meta) check parameters
[0.516s] colcon.colcon_core.package_discovery Level 1 discover_packages(recursive) check parameters
[0.516s] colcon.colcon_core.package_discovery Level 1 discover_packages(ignore) check parameters
[0.516s] colcon.colcon_core.package_discovery Level 1 discover_packages(path) check parameters
[0.516s] colcon.colcon_core.package_discovery Level 1 discover_packages(colcon_meta) discover
[0.517s] colcon.colcon_core.package_discovery Level 1 discover_packages(recursive) discover
[0.517s] colcon.colcon_core.package_discovery INFO Crawling recursively for packages in '/home/jeremy/drone_ws'
[0.517s] colcon.colcon_core.package_identification Level 1 _identify(.) by extensions ['ignore', 'ignore_ament_install']
[0.517s] colcon.colcon_core.package_identification Level 1 _identify(.) by extension 'ignore'
[0.517s] colcon.colcon_core.package_identification Level 1 _identify(.) by extension 'ignore_ament_install'
[0.517s] colcon.colcon_core.package_identification Level 1 _identify(.) by extensions ['colcon_pkg']
[0.517s] colcon.colcon_core.package_identification Level 1 _identify(.) by extension 'colcon_pkg'
[0.517s] colcon.colcon_core.package_identification Level 1 _identify(.) by extensions ['colcon_meta']
[0.517s] colcon.colcon_core.package_identification Level 1 _identify(.) by extension 'colcon_meta'
[0.518s] colcon.colcon_core.package_identification Level 1 _identify(.) by extensions ['ros']
[0.518s] colcon.colcon_core.package_identification Level 1 _identify(.) by extension 'ros'
[0.537s] colcon.colcon_core.package_identification Level 1 _identify(.) by extensions ['cmake', 'python']
[0.537s] colcon.colcon_core.package_identification Level 1 _identify(.) by extension 'cmake'
[0.537s] colcon.colcon_core.package_identification Level 1 _identify(.) by extension 'python'
[0.537s] colcon.colcon_core.package_identification Level 1 _identify(.) by extensions ['python_setup_py']
[0.537s] colcon.colcon_core.package_identification Level 1 _identify(.) by extension 'python_setup_py'
[0.538s] colcon.colcon_core.package_identification Level 1 _identify(build) by extensions ['ignore', 'ignore_ament_install']
[0.538s] colcon.colcon_core.package_identification Level 1 _identify(build) by extension 'ignore'
[0.538s] colcon.colcon_core.package_identification Level 1 _identify(build) ignored
[0.538s] colcon.colcon_core.package_identification Level 1 _identify(install) by extensions ['ignore', 'ignore_ament_install']
[0.538s] colcon.colcon_core.package_identification Level 1 _identify(install) by extension 'ignore'
[0.538s] colcon.colcon_core.package_identification Level 1 _identify(install) ignored
[0.539s] colcon.colcon_core.package_identification Level 1 _identify(log) by extensions ['ignore', 'ignore_ament_install']
[0.539s] colcon.colcon_core.package_identification Level 1 _identify(log) by extension 'ignore'
[0.539s] colcon.colcon_core.package_identification Level 1 _identify(log) ignored
[0.539s] colcon.colcon_core.package_identification Level 1 _identify(src) by extensions ['ignore', 'ignore_ament_install']
[0.539s] colcon.colcon_core.package_identification Level 1 _identify(src) by extension 'ignore'
[0.539s] colcon.colcon_core.package_identification Level 1 _identify(src) by extension 'ignore_ament_install'
[0.539s] colcon.colcon_core.package_identification Level 1 _identify(src) by extensions ['colcon_pkg']
[0.539s] colcon.colcon_core.package_identification Level 1 _identify(src) by extension 'colcon_pkg'
[0.540s] colcon.colcon_core.package_identification Level 1 _identify(src) by extensions ['colcon_meta']
[0.540s] colcon.colcon_core.package_identification Level 1 _identify(src) by extension 'colcon_meta'
[0.540s] colcon.colcon_core.package_identification Level 1 _identify(src) by extensions ['ros']
[0.540s] colcon.colcon_core.package_identification Level 1 _identify(src) by extension 'ros'
[0.540s] colcon.colcon_core.package_identification Level 1 _identify(src) by extensions ['cmake', 'python']
[0.540s] colcon.colcon_core.package_identification Level 1 _identify(src) by extension 'cmake'
[0.540s] colcon.colcon_core.package_identification Level 1 _identify(src) by extension 'python'
[0.540s] colcon.colcon_core.package_identification Level 1 _identify(src) by extensions ['python_setup_py']
[0.540s] colcon.colcon_core.package_identification Level 1 _identify(src) by extension 'python_setup_py'
[0.540s] colcon.colcon_core.package_identification Level 1 _identify(src/log) by extensions ['ignore', 'ignore_ament_install']
[0.540s] colcon.colcon_core.package_identification Level 1 _identify(src/log) by extension 'ignore'
[0.541s] colcon.colcon_core.package_identification Level 1 _identify(src/log) ignored
[0.541s] colcon.colcon_core.package_identification Level 1 _identify(src/takeoff_land) by extensions ['ignore', 'ignore_ament_install']
[0.541s] colcon.colcon_core.package_identification Level 1 _identify(src/takeoff_land) by extension 'ignore'
[0.541s] colcon.colcon_core.package_identification Level 1 _identify(src/takeoff_land) by extension 'ignore_ament_install'
[0.541s] colcon.colcon_core.package_identification Level 1 _identify(src/takeoff_land) by extensions ['colcon_pkg']
[0.541s] colcon.colcon_core.package_identification Level 1 _identify(src/takeoff_land) by extension 'colcon_pkg'
[0.541s] colcon.colcon_core.package_identification Level 1 _identify(src/takeoff_land) by extensions ['colcon_meta']
[0.541s] colcon.colcon_core.package_identification Level 1 _identify(src/takeoff_land) by extension 'colcon_meta'
[0.541s] colcon.colcon_core.package_identification Level 1 _identify(src/takeoff_land) by extensions ['ros']
[0.541s] colcon.colcon_core.package_identification Level 1 _identify(src/takeoff_land) by extension 'ros'
[0.549s] colcon.colcon_core.package_identification DEBUG Package 'src/takeoff_land' with type 'ros.ament_python' and name 'takeoff_land'
[0.549s] colcon.colcon_core.package_discovery Level 1 discover_packages(recursive) using defaults
[0.549s] colcon.colcon_core.package_discovery Level 1 discover_packages(ignore) discover
[0.549s] colcon.colcon_core.package_discovery Level 1 discover_packages(ignore) using defaults
[0.549s] colcon.colcon_core.package_discovery Level 1 discover_packages(path) discover
[0.549s] colcon.colcon_core.package_discovery Level 1 discover_packages(path) using defaults
[0.605s] colcon.colcon_core.package_discovery Level 1 discover_packages(prefix_path) check parameters
[0.605s] colcon.colcon_core.package_discovery Level 1 discover_packages(prefix_path) discover
[0.609s] colcon.colcon_installed_package_information.package_discovery DEBUG Found 280 installed packages in /opt/ros/humble
[0.612s] colcon.colcon_core.package_discovery Level 1 discover_packages(prefix_path) using defaults
[0.679s] colcon.colcon_core.verb Level 5 set package 'takeoff_land' build argument 'cmake_args' from command line to 'None'
[0.679s] colcon.colcon_core.verb Level 5 set package 'takeoff_land' build argument 'cmake_target' from command line to 'None'
[0.679s] colcon.colcon_core.verb Level 5 set package 'takeoff_land' build argument 'cmake_target_skip_unavailable' from command line to 'False'
[0.679s] colcon.colcon_core.verb Level 5 set package 'takeoff_land' build argument 'cmake_clean_cache' from command line to 'False'
[0.679s] colcon.colcon_core.verb Level 5 set package 'takeoff_land' build argument 'cmake_clean_first' from command line to 'False'
[0.679s] colcon.colcon_core.verb Level 5 set package 'takeoff_land' build argument 'cmake_force_configure' from command line to 'False'
[0.679s] colcon.colcon_core.verb Level 5 set package 'takeoff_land' build argument 'ament_cmake_args' from command line to 'None'
[0.680s] colcon.colcon_core.verb Level 5 set package 'takeoff_land' build argument 'catkin_cmake_args' from command line to 'None'
[0.680s] colcon.colcon_core.verb Level 5 set package 'takeoff_land' build argument 'catkin_skip_building_tests' from command line to 'False'
[0.680s] colcon.colcon_core.verb DEBUG Building package 'takeoff_land' with the following arguments: {'ament_cmake_args': None, 'build_base': '/home/jeremy/drone_ws/build/takeoff_land', 'catkin_cmake_args': None, 'catkin_skip_building_tests': False, 'cmake_args': None, 'cmake_clean_cache': False, 'cmake_clean_first': False, 'cmake_force_configure': False, 'cmake_target': None, 'cmake_target_skip_unavailable': False, 'install_base': '/home/jeremy/drone_ws/install/takeoff_land', 'merge_install': False, 'path': '/home/jeremy/drone_ws/src/takeoff_land', 'symlink_install': False, 'test_result_base': None}
[0.680s] colcon.colcon_core.executor INFO Executing jobs using 'parallel' executor
[0.682s] colcon.colcon_parallel_executor.executor.parallel DEBUG run_until_complete
[0.682s] colcon.colcon_ros.task.ament_python.build INFO Building ROS package in '/home/jeremy/drone_ws/src/takeoff_land' with build type 'ament_python'
[0.683s] colcon.colcon_core.shell Level 1 create_environment_hook('takeoff_land', 'ament_prefix_path')
[0.686s] colcon.colcon_core.plugin_system INFO Skipping extension 'colcon_core.shell.bat': Not used on non-Windows systems
[0.686s] colcon.colcon_core.shell INFO Creating environment hook '/home/jeremy/drone_ws/install/takeoff_land/share/takeoff_land/hook/ament_prefix_path.ps1'
[0.688s] colcon.colcon_core.shell INFO Creating environment descriptor '/home/jeremy/drone_ws/install/takeoff_land/share/takeoff_land/hook/ament_prefix_path.dsv'
[0.689s] colcon.colcon_core.shell INFO Creating environment hook '/home/jeremy/drone_ws/install/takeoff_land/share/takeoff_land/hook/ament_prefix_path.sh'
[0.690s] colcon.colcon_core.shell INFO Skip shell extension 'powershell' for command environment: Not usable outside of PowerShell
[0.690s] colcon.colcon_core.shell DEBUG Skip shell extension 'dsv' for command environment
[1.170s] colcon.colcon_core.task.python.build INFO Building Python package in '/home/jeremy/drone_ws/src/takeoff_land'
[1.170s] colcon.colcon_core.shell INFO Skip shell extension 'powershell' for command environment: Not usable outside of PowerShell
[1.171s] colcon.colcon_core.shell DEBUG Skip shell extension 'dsv' for command environment
[1.810s] colcon.colcon_core.task.python.build DEBUG Available setuptools commands: bdist_egg, install_data, install_egg_info, build_ext, bdist_dumb, build, dist_info, build_scripts, test, upload_docs, develop, upload, bdist_rpm, alias, build_py, build_clib, egg_info, install, rotate, install_lib, register, bdist, saveopts, clean, bdist_wheel, check, easy_install, install_headers, install_scripts, setopt, symlink_data, sdist
[1.818s] colcon.colcon_core.event_handler.log_command DEBUG Invoking command in '/home/jeremy/drone_ws/src/takeoff_land': PYTHONPATH=/home/jeremy/drone_ws/build/takeoff_land/prefix_override:/usr/lib/python3/dist-packages/colcon_core/task/python/colcon_distutils_commands:/home/jeremy/drone_ws/install/takeoff_land/lib/python3.10/site-packages:${PYTHONPATH} /usr/bin/python3 -W ignore:setup.py install is deprecated -W ignore:easy_install command is deprecated setup.py egg_info --egg-base ../../build/takeoff_land build --build-base /home/jeremy/drone_ws/build/takeoff_land/build install --record /home/jeremy/drone_ws/build/takeoff_land/install.log --install-scripts $base/lib/takeoff_land --single-version-externally-managed install_data
[2.386s] colcon.colcon_core.event_handler.log_command DEBUG Invoked command in '/home/jeremy/drone_ws/src/takeoff_land' returned '0': PYTHONPATH=/home/jeremy/drone_ws/build/takeoff_land/prefix_override:/usr/lib/python3/dist-packages/colcon_core/task/python/colcon_distutils_commands:/home/jeremy/drone_ws/install/takeoff_land/lib/python3.10/site-packages:${PYTHONPATH} /usr/bin/python3 -W ignore:setup.py install is deprecated -W ignore:easy_install command is deprecated setup.py egg_info --egg-base ../../build/takeoff_land build --build-base /home/jeremy/drone_ws/build/takeoff_land/build install --record /home/jeremy/drone_ws/build/takeoff_land/install.log --install-scripts $base/lib/takeoff_land --single-version-externally-managed install_data
[2.396s] colcon.colcon_core.environment Level 1 checking '/home/jeremy/drone_ws/install/takeoff_land' for CMake module files
[2.399s] colcon.colcon_core.environment Level 1 checking '/home/jeremy/drone_ws/install/takeoff_land' for CMake config files
[2.403s] colcon.colcon_core.environment Level 1 checking '/home/jeremy/drone_ws/install/takeoff_land/lib'
[2.403s] colcon.colcon_core.environment Level 1 checking '/home/jeremy/drone_ws/install/takeoff_land/bin'
[2.404s] colcon.colcon_core.environment Level 1 checking '/home/jeremy/drone_ws/install/takeoff_land/lib/pkgconfig/takeoff_land.pc'
[2.405s] colcon.colcon_core.environment Level 1 checking '/home/jeremy/drone_ws/install/takeoff_land/lib/python3.10/site-packages'
[2.405s] colcon.colcon_core.shell Level 1 create_environment_hook('takeoff_land', 'pythonpath')
[2.406s] colcon.colcon_core.shell INFO Creating environment hook '/home/jeremy/drone_ws/install/takeoff_land/share/takeoff_land/hook/pythonpath.ps1'
[2.409s] colcon.colcon_core.shell INFO Creating environment descriptor '/home/jeremy/drone_ws/install/takeoff_land/share/takeoff_land/hook/pythonpath.dsv'
[2.411s] colcon.colcon_core.shell INFO Creating environment hook '/home/jeremy/drone_ws/install/takeoff_land/share/takeoff_land/hook/pythonpath.sh'
[2.413s] colcon.colcon_core.environment Level 1 checking '/home/jeremy/drone_ws/install/takeoff_land/bin'
[2.414s] colcon.colcon_core.environment Level 1 create_environment_scripts_only(takeoff_land)
[2.415s] colcon.colcon_core.shell INFO Creating package script '/home/jeremy/drone_ws/install/takeoff_land/share/takeoff_land/package.ps1'
[2.420s] colcon.colcon_core.shell INFO Creating package descriptor '/home/jeremy/drone_ws/install/takeoff_land/share/takeoff_land/package.dsv'
[2.422s] colcon.colcon_core.shell INFO Creating package script '/home/jeremy/drone_ws/install/takeoff_land/share/takeoff_land/package.sh'
[2.425s] colcon.colcon_core.shell INFO Creating package script '/home/jeremy/drone_ws/install/takeoff_land/share/takeoff_land/package.bash'
[2.428s] colcon.colcon_core.shell INFO Creating package script '/home/jeremy/drone_ws/install/takeoff_land/share/takeoff_land/package.zsh'
[2.430s] colcon.colcon_core.environment Level 1 create_file_with_runtime_dependencies(/home/jeremy/drone_ws/install/takeoff_land/share/colcon-core/packages/takeoff_land)
[2.432s] colcon.colcon_parallel_executor.executor.parallel DEBUG closing loop
[2.434s] colcon.colcon_parallel_executor.executor.parallel DEBUG loop closed
[2.434s] colcon.colcon_parallel_executor.executor.parallel DEBUG run_until_complete finished with '0'
[2.434s] colcon.colcon_core.event_reactor DEBUG joining thread
[2.436s] colcon.colcon_core.event_reactor DEBUG joined thread
[2.437s] colcon.colcon_core.shell INFO Creating prefix script '/home/jeremy/drone_ws/install/local_setup.ps1'
[2.441s] colcon.colcon_core.shell INFO Creating prefix util module '/home/jeremy/drone_ws/install/_local_setup_util_ps1.py'
[2.447s] colcon.colcon_core.shell INFO Creating prefix chain script '/home/jeremy/drone_ws/install/setup.ps1'
[2.451s] colcon.colcon_core.shell INFO Creating prefix script '/home/jeremy/drone_ws/install/local_setup.sh'
[2.454s] colcon.colcon_core.shell INFO Creating prefix util module '/home/jeremy/drone_ws/install/_local_setup_util_sh.py'
[2.457s] colcon.colcon_core.shell INFO Creating prefix chain script '/home/jeremy/drone_ws/install/setup.sh'
[2.461s] colcon.colcon_core.shell INFO Creating prefix script '/home/jeremy/drone_ws/install/local_setup.bash'
[2.463s] colcon.colcon_core.shell INFO Creating prefix chain script '/home/jeremy/drone_ws/install/setup.bash'
[2.466s] colcon.colcon_core.shell INFO Creating prefix script '/home/jeremy/drone_ws/install/local_setup.zsh'
[2.468s] colcon.colcon_core.shell INFO Creating prefix chain script '/home/jeremy/drone_ws/install/setup.zsh'
