[0.207s] colcon DEBUG Command line arguments: ['/usr/bin/colcon', 'build', '--packages-select', 'takeoff_land']
[0.207s] colcon DEBUG Parsed command line arguments: Namespace(log_base=None, log_level=None, verb_name='build', build_base='build', install_base='install', merge_install=False, symlink_install=False, test_result_base=None, continue_on_error=False, executor='parallel', parallel_workers=6, event_handlers=None, ignore_user_meta=False, metas=['./colcon.meta'], base_paths=['.'], packages_ignore=None, packages_ignore_regex=None, paths=None, packages_up_to=None, packages_up_to_regex=None, packages_above=None, packages_above_and_dependencies=None, packages_above_depth=None, packages_select_by_dep=None, packages_skip_by_dep=None, packages_skip_up_to=None, packages_select_build_failed=False, packages_skip_build_finished=False, packages_select_test_failures=False, packages_skip_test_passed=False, packages_select=['takeoff_land'], packages_skip=None, packages_select_regex=None, packages_skip_regex=None, packages_start=None, packages_end=None, allow_overriding=[], cmake_args=None, cmake_target=None, cmake_target_skip_unavailable=False, cmake_clean_cache=False, cmake_clean_first=False, cmake_force_configure=False, ament_cmake_args=None, catkin_cmake_args=None, catkin_skip_building_tests=False, verb_parser=<colcon_defaults.argument_parser.defaults.DefaultArgumentsDecorator object at 0xffff99ba2380>, verb_extension=<colcon_core.verb.build.BuildVerb object at 0xffff99d46fb0>, main=<bound method BuildVerb.main of <colcon_core.verb.build.BuildVerb object at 0xffff99d46fb0>>)
[0.514s] colcon.colcon_core.package_discovery Level 1 discover_packages(colcon_meta) check parameters
[0.514s] colcon.colcon_core.package_discovery Level 1 discover_packages(recursive) check parameters
[0.514s] colcon.colcon_core.package_discovery Level 1 discover_packages(ignore) check parameters
[0.514s] colcon.colcon_core.package_discovery Level 1 discover_packages(path) check parameters
[0.514s] colcon.colcon_core.package_discovery Level 1 discover_packages(colcon_meta) discover
[0.514s] colcon.colcon_core.package_discovery Level 1 discover_packages(recursive) discover
[0.514s] colcon.colcon_core.package_discovery INFO Crawling recursively for packages in '/home/jeremy/drone_ws'
[0.515s] colcon.colcon_core.package_identification Level 1 _identify(.) by extensions ['ignore', 'ignore_ament_install']
[0.515s] colcon.colcon_core.package_identification Level 1 _identify(.) by extension 'ignore'
[0.515s] colcon.colcon_core.package_identification Level 1 _identify(.) by extension 'ignore_ament_install'
[0.515s] colcon.colcon_core.package_identification Level 1 _identify(.) by extensions ['colcon_pkg']
[0.515s] colcon.colcon_core.package_identification Level 1 _identify(.) by extension 'colcon_pkg'
[0.515s] colcon.colcon_core.package_identification Level 1 _identify(.) by extensions ['colcon_meta']
[0.515s] colcon.colcon_core.package_identification Level 1 _identify(.) by extension 'colcon_meta'
[0.515s] colcon.colcon_core.package_identification Level 1 _identify(.) by extensions ['ros']
[0.515s] colcon.colcon_core.package_identification Level 1 _identify(.) by extension 'ros'
[0.535s] colcon.colcon_core.package_identification Level 1 _identify(.) by extensions ['cmake', 'python']
[0.535s] colcon.colcon_core.package_identification Level 1 _identify(.) by extension 'cmake'
[0.535s] colcon.colcon_core.package_identification Level 1 _identify(.) by extension 'python'
[0.535s] colcon.colcon_core.package_identification Level 1 _identify(.) by extensions ['python_setup_py']
[0.535s] colcon.colcon_core.package_identification Level 1 _identify(.) by extension 'python_setup_py'
[0.535s] colcon.colcon_core.package_identification Level 1 _identify(build) by extensions ['ignore', 'ignore_ament_install']
[0.536s] colcon.colcon_core.package_identification Level 1 _identify(build) by extension 'ignore'
[0.536s] colcon.colcon_core.package_identification Level 1 _identify(build) ignored
[0.536s] colcon.colcon_core.package_identification Level 1 _identify(install) by extensions ['ignore', 'ignore_ament_install']
[0.536s] colcon.colcon_core.package_identification Level 1 _identify(install) by extension 'ignore'
[0.536s] colcon.colcon_core.package_identification Level 1 _identify(install) ignored
[0.536s] colcon.colcon_core.package_identification Level 1 _identify(log) by extensions ['ignore', 'ignore_ament_install']
[0.537s] colcon.colcon_core.package_identification Level 1 _identify(log) by extension 'ignore'
[0.537s] colcon.colcon_core.package_identification Level 1 _identify(log) ignored
[0.537s] colcon.colcon_core.package_identification Level 1 _identify(src) by extensions ['ignore', 'ignore_ament_install']
[0.537s] colcon.colcon_core.package_identification Level 1 _identify(src) by extension 'ignore'
[0.537s] colcon.colcon_core.package_identification Level 1 _identify(src) by extension 'ignore_ament_install'
[0.537s] colcon.colcon_core.package_identification Level 1 _identify(src) by extensions ['colcon_pkg']
[0.537s] colcon.colcon_core.package_identification Level 1 _identify(src) by extension 'colcon_pkg'
[0.537s] colcon.colcon_core.package_identification Level 1 _identify(src) by extensions ['colcon_meta']
[0.537s] colcon.colcon_core.package_identification Level 1 _identify(src) by extension 'colcon_meta'
[0.537s] colcon.colcon_core.package_identification Level 1 _identify(src) by extensions ['ros']
[0.537s] colcon.colcon_core.package_identification Level 1 _identify(src) by extension 'ros'
[0.538s] colcon.colcon_core.package_identification Level 1 _identify(src) by extensions ['cmake', 'python']
[0.538s] colcon.colcon_core.package_identification Level 1 _identify(src) by extension 'cmake'
[0.538s] colcon.colcon_core.package_identification Level 1 _identify(src) by extension 'python'
[0.538s] colcon.colcon_core.package_identification Level 1 _identify(src) by extensions ['python_setup_py']
[0.538s] colcon.colcon_core.package_identification Level 1 _identify(src) by extension 'python_setup_py'
[0.538s] colcon.colcon_core.package_identification Level 1 _identify(src/log) by extensions ['ignore', 'ignore_ament_install']
[0.538s] colcon.colcon_core.package_identification Level 1 _identify(src/log) by extension 'ignore'
[0.538s] colcon.colcon_core.package_identification Level 1 _identify(src/log) ignored
[0.539s] colcon.colcon_core.package_identification Level 1 _identify(src/takeoff_land) by extensions ['ignore', 'ignore_ament_install']
[0.539s] colcon.colcon_core.package_identification Level 1 _identify(src/takeoff_land) by extension 'ignore'
[0.539s] colcon.colcon_core.package_identification Level 1 _identify(src/takeoff_land) by extension 'ignore_ament_install'
[0.539s] colcon.colcon_core.package_identification Level 1 _identify(src/takeoff_land) by extensions ['colcon_pkg']
[0.539s] colcon.colcon_core.package_identification Level 1 _identify(src/takeoff_land) by extension 'colcon_pkg'
[0.539s] colcon.colcon_core.package_identification Level 1 _identify(src/takeoff_land) by extensions ['colcon_meta']
[0.539s] colcon.colcon_core.package_identification Level 1 _identify(src/takeoff_land) by extension 'colcon_meta'
[0.539s] colcon.colcon_core.package_identification Level 1 _identify(src/takeoff_land) by extensions ['ros']
[0.539s] colcon.colcon_core.package_identification Level 1 _identify(src/takeoff_land) by extension 'ros'
[0.541s] colcon.colcon_core.package_identification DEBUG Failed to parse potential ROS package manifest in'src/takeoff_land': Error(s) in package 'src/takeoff_land/package.xml':
The manifest contains invalid XML:
not well-formed (invalid token): line 6, column 55
[0.541s] colcon.colcon_core.package_identification Level 1 _identify(src/takeoff_land) by extensions ['cmake', 'python']
[0.541s] colcon.colcon_core.package_identification Level 1 _identify(src/takeoff_land) by extension 'cmake'
[0.542s] colcon.colcon_core.package_identification Level 1 _identify(src/takeoff_land) by extension 'python'
[0.542s] colcon.colcon_core.package_identification DEBUG Python package in 'src/takeoff_land' passes arguments to the setup() function which requires a different identification extension than 'python'
[0.542s] colcon.colcon_core.package_identification Level 1 _identify(src/takeoff_land) by extensions ['python_setup_py']
[0.542s] colcon.colcon_core.package_identification Level 1 _identify(src/takeoff_land) by extension 'python_setup_py'
[1.009s] colcon.colcon_core.package_identification DEBUG Package 'src/takeoff_land' with type 'python' and name 'takeoff_land'
[1.009s] colcon.colcon_core.package_discovery Level 1 discover_packages(recursive) using defaults
[1.009s] colcon.colcon_core.package_discovery Level 1 discover_packages(ignore) discover
[1.009s] colcon.colcon_core.package_discovery Level 1 discover_packages(ignore) using defaults
[1.009s] colcon.colcon_core.package_discovery Level 1 discover_packages(path) discover
[1.009s] colcon.colcon_core.package_discovery Level 1 discover_packages(path) using defaults
[1.068s] colcon.colcon_core.package_discovery Level 1 discover_packages(prefix_path) check parameters
[1.068s] colcon.colcon_core.package_discovery Level 1 discover_packages(prefix_path) discover
[1.072s] colcon.colcon_installed_package_information.package_discovery DEBUG Found 280 installed packages in /opt/ros/humble
[1.075s] colcon.colcon_core.package_discovery Level 1 discover_packages(prefix_path) using defaults
[1.143s] colcon.colcon_core.verb Level 5 set package 'takeoff_land' build argument 'cmake_args' from command line to 'None'
[1.143s] colcon.colcon_core.verb Level 5 set package 'takeoff_land' build argument 'cmake_target' from command line to 'None'
[1.143s] colcon.colcon_core.verb Level 5 set package 'takeoff_land' build argument 'cmake_target_skip_unavailable' from command line to 'False'
[1.143s] colcon.colcon_core.verb Level 5 set package 'takeoff_land' build argument 'cmake_clean_cache' from command line to 'False'
[1.143s] colcon.colcon_core.verb Level 5 set package 'takeoff_land' build argument 'cmake_clean_first' from command line to 'False'
[1.143s] colcon.colcon_core.verb Level 5 set package 'takeoff_land' build argument 'cmake_force_configure' from command line to 'False'
[1.143s] colcon.colcon_core.verb Level 5 set package 'takeoff_land' build argument 'ament_cmake_args' from command line to 'None'
[1.143s] colcon.colcon_core.verb Level 5 set package 'takeoff_land' build argument 'catkin_cmake_args' from command line to 'None'
[1.143s] colcon.colcon_core.verb Level 5 set package 'takeoff_land' build argument 'catkin_skip_building_tests' from command line to 'False'
[1.143s] colcon.colcon_core.verb DEBUG Building package 'takeoff_land' with the following arguments: {'ament_cmake_args': None, 'build_base': '/home/jeremy/drone_ws/build/takeoff_land', 'catkin_cmake_args': None, 'catkin_skip_building_tests': False, 'cmake_args': None, 'cmake_clean_cache': False, 'cmake_clean_first': False, 'cmake_force_configure': False, 'cmake_target': None, 'cmake_target_skip_unavailable': False, 'install_base': '/home/jeremy/drone_ws/install/takeoff_land', 'merge_install': False, 'path': '/home/jeremy/drone_ws/src/takeoff_land', 'symlink_install': False, 'test_result_base': None}
[1.143s] colcon.colcon_core.executor INFO Executing jobs using 'parallel' executor
[1.146s] colcon.colcon_parallel_executor.executor.parallel DEBUG run_until_complete
[1.146s] colcon.colcon_core.task.python.build INFO Building Python package in '/home/jeremy/drone_ws/src/takeoff_land'
[1.149s] colcon.colcon_core.plugin_system INFO Skipping extension 'colcon_core.shell.bat': Not used on non-Windows systems
[1.150s] colcon.colcon_core.shell INFO Skip shell extension 'powershell' for command environment: Not usable outside of PowerShell
[1.150s] colcon.colcon_core.shell DEBUG Skip shell extension 'dsv' for command environment
[2.260s] colcon.colcon_core.task.python.build DEBUG Available setuptools commands: upload_docs, setopt, register, install, bdist_dumb, egg_info, symlink_data, build_py, bdist_egg, sdist, bdist_rpm, build_ext, install_headers, build_scripts, upload, dist_info, install_egg_info, install_data, alias, test, install_scripts, develop, bdist_wheel, saveopts, bdist, check, clean, install_lib, easy_install, build_clib, rotate, build
[2.266s] colcon.colcon_core.event_handler.log_command DEBUG Invoking command in '/home/jeremy/drone_ws/src/takeoff_land': PYTHONPATH=/home/jeremy/drone_ws/build/takeoff_land/prefix_override:/usr/lib/python3/dist-packages/colcon_core/task/python/colcon_distutils_commands:/home/jeremy/drone_ws/install/takeoff_land/lib/python3.10/site-packages:${PYTHONPATH} /usr/bin/python3 -W ignore:setup.py install is deprecated -W ignore:easy_install command is deprecated setup.py egg_info --egg-base ../../build/takeoff_land build --build-base /home/jeremy/drone_ws/build/takeoff_land/build install --record /home/jeremy/drone_ws/build/takeoff_land/install.log --install-scripts $base/lib/takeoff_land --single-version-externally-managed install_data
[2.831s] colcon.colcon_core.event_handler.log_command DEBUG Invoked command in '/home/jeremy/drone_ws/src/takeoff_land' returned '0': PYTHONPATH=/home/jeremy/drone_ws/build/takeoff_land/prefix_override:/usr/lib/python3/dist-packages/colcon_core/task/python/colcon_distutils_commands:/home/jeremy/drone_ws/install/takeoff_land/lib/python3.10/site-packages:${PYTHONPATH} /usr/bin/python3 -W ignore:setup.py install is deprecated -W ignore:easy_install command is deprecated setup.py egg_info --egg-base ../../build/takeoff_land build --build-base /home/jeremy/drone_ws/build/takeoff_land/build install --record /home/jeremy/drone_ws/build/takeoff_land/install.log --install-scripts $base/lib/takeoff_land --single-version-externally-managed install_data
[2.836s] colcon.colcon_core.environment Level 1 checking '/home/jeremy/drone_ws/install/takeoff_land' for CMake module files
[2.838s] colcon.colcon_core.environment Level 1 checking '/home/jeremy/drone_ws/install/takeoff_land' for CMake config files
[2.841s] colcon.colcon_core.environment Level 1 checking '/home/jeremy/drone_ws/install/takeoff_land/lib'
[2.841s] colcon.colcon_core.environment Level 1 checking '/home/jeremy/drone_ws/install/takeoff_land/bin'
[2.841s] colcon.colcon_core.environment Level 1 checking '/home/jeremy/drone_ws/install/takeoff_land/lib/pkgconfig/takeoff_land.pc'
[2.842s] colcon.colcon_core.environment Level 1 checking '/home/jeremy/drone_ws/install/takeoff_land/lib/python3.10/site-packages'
[2.843s] colcon.colcon_core.shell Level 1 create_environment_hook('takeoff_land', 'pythonpath')
[2.844s] colcon.colcon_core.shell INFO Creating environment hook '/home/jeremy/drone_ws/install/takeoff_land/share/takeoff_land/hook/pythonpath.ps1'
[2.847s] colcon.colcon_core.shell INFO Creating environment descriptor '/home/jeremy/drone_ws/install/takeoff_land/share/takeoff_land/hook/pythonpath.dsv'
[2.850s] colcon.colcon_core.shell INFO Creating environment hook '/home/jeremy/drone_ws/install/takeoff_land/share/takeoff_land/hook/pythonpath.sh'
[2.854s] colcon.colcon_core.environment Level 1 checking '/home/jeremy/drone_ws/install/takeoff_land/bin'
[2.854s] colcon.colcon_core.environment Level 1 create_environment_scripts_only(takeoff_land)
[2.856s] colcon.colcon_core.shell INFO Creating package script '/home/jeremy/drone_ws/install/takeoff_land/share/takeoff_land/package.ps1'
[2.861s] colcon.colcon_core.shell INFO Creating package descriptor '/home/jeremy/drone_ws/install/takeoff_land/share/takeoff_land/package.dsv'
[2.863s] colcon.colcon_core.shell INFO Creating package script '/home/jeremy/drone_ws/install/takeoff_land/share/takeoff_land/package.sh'
[2.865s] colcon.colcon_core.shell INFO Creating package script '/home/jeremy/drone_ws/install/takeoff_land/share/takeoff_land/package.bash'
[2.868s] colcon.colcon_core.shell INFO Creating package script '/home/jeremy/drone_ws/install/takeoff_land/share/takeoff_land/package.zsh'
[2.871s] colcon.colcon_core.environment Level 1 create_file_with_runtime_dependencies(/home/jeremy/drone_ws/install/takeoff_land/share/colcon-core/packages/takeoff_land)
[2.873s] colcon.colcon_parallel_executor.executor.parallel DEBUG closing loop
[2.875s] colcon.colcon_parallel_executor.executor.parallel DEBUG loop closed
[2.875s] colcon.colcon_parallel_executor.executor.parallel DEBUG run_until_complete finished with '0'
[2.875s] colcon.colcon_core.event_reactor DEBUG joining thread
[2.876s] colcon.colcon_core.event_reactor DEBUG joined thread
[2.878s] colcon.colcon_core.shell INFO Creating prefix script '/home/jeremy/drone_ws/install/local_setup.ps1'
[2.882s] colcon.colcon_core.shell INFO Creating prefix util module '/home/jeremy/drone_ws/install/_local_setup_util_ps1.py'
[2.888s] colcon.colcon_core.shell INFO Creating prefix chain script '/home/jeremy/drone_ws/install/setup.ps1'
[2.893s] colcon.colcon_core.shell INFO Creating prefix script '/home/jeremy/drone_ws/install/local_setup.sh'
[2.895s] colcon.colcon_core.shell INFO Creating prefix util module '/home/jeremy/drone_ws/install/_local_setup_util_sh.py'
[2.897s] colcon.colcon_core.shell INFO Creating prefix chain script '/home/jeremy/drone_ws/install/setup.sh'
[2.901s] colcon.colcon_core.shell INFO Creating prefix script '/home/jeremy/drone_ws/install/local_setup.bash'
[2.903s] colcon.colcon_core.shell INFO Creating prefix chain script '/home/jeremy/drone_ws/install/setup.bash'
[2.906s] colcon.colcon_core.shell INFO Creating prefix script '/home/jeremy/drone_ws/install/local_setup.zsh'
[2.908s] colcon.colcon_core.shell INFO Creating prefix chain script '/home/jeremy/drone_ws/install/setup.zsh'
